Type-safe project accessors is an incubating feature.
> Task :build-logic:convention:compileKotlin UP-TO-DATE
> Task :build-logic:convention:compileJava NO-SOURCE
> Task :build-logic:convention:pluginDescriptors UP-TO-DATE
> Task :build-logic:convention:processResources UP-TO-DATE
> Task :build-logic:convention:classes UP-TO-DATE
> Task :build-logic:convention:jar UP-TO-DATE
> Task :app:clean
> Task :core:common:clean
> Task :core:data:clean
> Task :core:designsystem:clean UP-TO-DATE
> Task :core:domain:clean
> Task :core:model:clean
> Task :core:network:clean
> Task :feature:home:clean
> Task :feature:login:clean
> Task :app:preBuild UP-TO-DATE
> Task :app:preDebugBuild UP-TO-DATE
> Task :app:mergeDebugNativeDebugMetadata NO-SOURCE
> Task :app:checkKotlinGradlePluginConfigurationErrors
> Task :core:common:preBuild UP-TO-DATE
> Task :core:common:preDebugBuild UP-TO-DATE
> Task :core:data:preBuild UP-TO-DATE
> Task :core:data:preDebugBuild UP-TO-DATE
> Task :core:common:writeDebugAarMetadata
> Task :core:domain:preBuild UP-TO-DATE
> Task :core:domain:preDebugBuild UP-TO-DATE
> Task :core:data:writeDebugAarMetadata
> Task :core:model:preBuild UP-TO-DATE
> Task :core:model:preDebugBuild UP-TO-DATE
> Task :core:domain:writeDebugAarMetadata
> Task :core:network:preBuild UP-TO-DATE
> Task :core:network:preDebugBuild UP-TO-DATE
> Task :core:model:writeDebugAarMetadata
> Task :feature:home:preBuild UP-TO-DATE
> Task :feature:home:preDebugBuild UP-TO-DATE
> Task :core:network:writeDebugAarMetadata
> Task :feature:login:preBuild UP-TO-DATE
> Task :feature:login:preDebugBuild UP-TO-DATE
> Task :feature:home:writeDebugAarMetadata
> Task :feature:login:writeDebugAarMetadata
> Task :app:generateDebugResValues
> Task :core:common:generateDebugResValues
> Task :core:common:generateDebugResources
> Task :app:checkDebugAarMetadata
> Task :core:common:packageDebugResources
> Task :core:data:generateDebugResValues
> Task :core:data:generateDebugResources
> Task :core:data:packageDebugResources
> Task :core:domain:generateDebugResValues
> Task :core:domain:generateDebugResources
> Task :core:domain:packageDebugResources
> Task :core:model:generateDebugResValues
> Task :core:model:generateDebugResources
> Task :core:model:packageDebugResources
> Task :core:network:generateDebugResValues
> Task :core:network:generateDebugResources
> Task :core:network:packageDebugResources
> Task :feature:home:generateDebugResValues
> Task :feature:home:generateDebugResources
> Task :feature:home:packageDebugResources
> Task :feature:login:generateDebugResValues
> Task :feature:login:generateDebugResources
> Task :feature:login:packageDebugResources
> Task :app:mapDebugSourceSetPaths
> Task :app:generateDebugResources
> Task :app:packageDebugResources
> Task :app:parseDebugLocalResources
> Task :app:createDebugCompatibleScreenManifests
> Task :app:extractDeepLinksDebug
> Task :core:common:extractDeepLinksDebug
> Task :core:common:processDebugManifest
> Task :core:data:extractDeepLinksDebug
> Task :core:domain:extractDeepLinksDebug
> Task :core:data:processDebugManifest
> Task :core:model:extractDeepLinksDebug
> Task :core:domain:processDebugManifest
> Task :core:network:extractDeepLinksDebug
> Task :core:model:processDebugManifest
> Task :feature:home:extractDeepLinksDebug
> Task :core:network:processDebugManifest
> Task :feature:login:extractDeepLinksDebug
> Task :feature:home:processDebugManifest
> Task :core:common:compileDebugLibraryResources
> Task :feature:login:processDebugManifest
> Task :core:common:parseDebugLocalResources

> Task :app:processDebugMainManifest
D:\gitihub\app\src\main\AndroidManifest.xml Warning:
	Namespace 'ir.wordpressdashboard' is used in multiple modules and/or libraries: AndroidManifest.xml, :core:data, :core:network, :core:domain. Please ensure that all modules and libraries have a unique namespace. For more information, See https://developer.android.com/studio/build/configure-app-module#set-namespace

> Task :app:processDebugManifest
> Task :app:processDebugManifestForPackage
> Task :core:common:generateDebugRFile
> Task :core:data:compileDebugLibraryResources
> Task :core:domain:compileDebugLibraryResources
> Task :core:data:parseDebugLocalResources
> Task :core:domain:parseDebugLocalResources
> Task :core:data:generateDebugRFile
> Task :core:model:compileDebugLibraryResources
> Task :core:domain:generateDebugRFile
> Task :core:network:compileDebugLibraryResources
> Task :core:model:parseDebugLocalResources
> Task :core:network:parseDebugLocalResources
> Task :app:mergeDebugResources
> Task :core:model:generateDebugRFile
> Task :feature:home:compileDebugLibraryResources
> Task :core:network:generateDebugRFile
> Task :feature:home:parseDebugLocalResources
> Task :feature:login:compileDebugLibraryResources
> Task :feature:home:generateDebugRFile
> Task :core:domain:checkKotlinGradlePluginConfigurationErrors
> Task :feature:login:parseDebugLocalResources
> Task :feature:login:generateDebugRFile
> Task :core:domain:javaPreCompileDebug
> Task :core:network:checkKotlinGradlePluginConfigurationErrors
> Task :core:common:checkKotlinGradlePluginConfigurationErrors
> Task :core:common:kspDebugKotlin NO-SOURCE
> Task :core:network:javaPreCompileDebug
> Task :core:common:compileDebugKotlin NO-SOURCE
> Task :core:data:checkKotlinGradlePluginConfigurationErrors
> Task :core:common:javaPreCompileDebug
> Task :core:common:compileDebugJavaWithJavac NO-SOURCE
> Task :core:data:javaPreCompileDebug
> Task :core:model:checkKotlinGradlePluginConfigurationErrors
> Task :core:model:compileDebugKotlin NO-SOURCE
> Task :feature:home:checkKotlinGradlePluginConfigurationErrors
> Task :feature:login:checkKotlinGradlePluginConfigurationErrors
> Task :core:model:javaPreCompileDebug
> Task :core:model:compileDebugJavaWithJavac NO-SOURCE
> Task :core:model:bundleLibRuntimeToJarDebug
> Task :feature:login:javaPreCompileDebug
> Task :app:mergeDebugShaders
> Task :app:compileDebugShaders NO-SOURCE
> Task :app:generateDebugAssets UP-TO-DATE
> Task :app:javaPreCompileDebug
> Task :core:common:mergeDebugShaders
> Task :core:common:compileDebugShaders NO-SOURCE
> Task :core:common:generateDebugAssets UP-TO-DATE
> Task :feature:home:javaPreCompileDebug
> Task :core:common:packageDebugAssets
> Task :core:model:bundleLibCompileToJarDebug
> Task :core:common:transformDebugClassesWithAsm
> Task :core:data:mergeDebugShaders
> Task :core:common:bundleLibCompileToJarDebug
> Task :core:data:compileDebugShaders NO-SOURCE
> Task :core:data:generateDebugAssets UP-TO-DATE
> Task :core:common:bundleLibRuntimeToJarDebug
> Task :core:data:packageDebugAssets
> Task :core:domain:mergeDebugShaders
> Task :core:domain:compileDebugShaders NO-SOURCE
> Task :core:domain:generateDebugAssets UP-TO-DATE
> Task :core:domain:packageDebugAssets
> Task :core:model:mergeDebugShaders
> Task :core:model:compileDebugShaders NO-SOURCE
> Task :core:model:generateDebugAssets UP-TO-DATE
> Task :core:model:packageDebugAssets
> Task :core:network:mergeDebugShaders
> Task :core:network:compileDebugShaders NO-SOURCE
> Task :core:network:generateDebugAssets UP-TO-DATE
> Task :core:network:packageDebugAssets
> Task :feature:home:mergeDebugShaders
> Task :feature:home:compileDebugShaders NO-SOURCE
> Task :feature:home:generateDebugAssets UP-TO-DATE
> Task :feature:home:packageDebugAssets
> Task :feature:login:mergeDebugShaders
> Task :feature:login:compileDebugShaders NO-SOURCE
> Task :feature:login:generateDebugAssets UP-TO-DATE
> Task :feature:login:packageDebugAssets
> Task :app:mergeDebugAssets
> Task :core:common:processDebugJavaRes NO-SOURCE
> Task :core:model:processDebugJavaRes NO-SOURCE
> Task :app:compressDebugAssets
> Task :app:desugarDebugFileDependencies
> Task :core:model:bundleLibRuntimeToDirDebug
> Task :core:common:bundleLibRuntimeToDirDebug
> Task :app:mergeDebugJniLibFolders
> Task :core:common:mergeDebugJniLibFolders
> Task :core:common:mergeDebugNativeLibs NO-SOURCE
> Task :core:common:copyDebugJniLibsProjectOnly
> Task :core:data:mergeDebugJniLibFolders
> Task :core:data:mergeDebugNativeLibs NO-SOURCE
> Task :core:data:copyDebugJniLibsProjectOnly
> Task :app:checkDebugDuplicateClasses
> Task :core:domain:mergeDebugJniLibFolders
> Task :core:domain:mergeDebugNativeLibs NO-SOURCE
> Task :core:domain:copyDebugJniLibsProjectOnly
> Task :core:model:mergeDebugJniLibFolders
> Task :core:model:mergeDebugNativeLibs NO-SOURCE
> Task :core:model:copyDebugJniLibsProjectOnly
> Task :core:network:mergeDebugJniLibFolders
> Task :core:network:mergeDebugNativeLibs NO-SOURCE
> Task :core:network:copyDebugJniLibsProjectOnly
> Task :feature:home:mergeDebugJniLibFolders
> Task :feature:home:mergeDebugNativeLibs NO-SOURCE
> Task :feature:home:copyDebugJniLibsProjectOnly
> Task :feature:login:mergeDebugJniLibFolders
> Task :feature:login:mergeDebugNativeLibs NO-SOURCE
> Task :feature:login:copyDebugJniLibsProjectOnly
> Task :app:validateSigningDebug
> Task :app:writeDebugAppMetadata
> Task :app:writeDebugSigningConfigVersions
> Task :app:mergeDebugNativeLibs

> Task :app:stripDebugDebugSymbols
Unable to strip the following libraries, packaging them as they are: libandroidx.graphics.path.so, libbarhopper_v3.so, libimage_processing_util_jni.so.

> Task :core:domain:kspDebugKotlin
> Task :app:processDebugResources
> Task :core:domain:compileDebugKotlin
> Task :core:domain:compileDebugJavaWithJavac
> Task :core:domain:processDebugJavaRes
> Task :core:domain:transformDebugClassesWithAsm
> Task :core:domain:bundleLibRuntimeToJarDebug
> Task :core:domain:bundleLibCompileToJarDebug
> Task :core:domain:bundleLibRuntimeToDirDebug
> Task :core:network:kspDebugKotlin
> Task :app:mergeExtDexDebug

> Task :core:network:compileDebugKotlin
w: file:///D:/gitihub/core/network/src/main/java/ir/wordpressdashboard/di/NetworkModule.kt:66:72 This declaration needs opt-in. Its usage should be marked with '@kotlinx.serialization.ExperimentalSerializationApi' or '@OptIn(kotlinx.serialization.ExperimentalSerializationApi::class)'

> Task :core:network:compileDebugJavaWithJavac
> Task :core:network:processDebugJavaRes
> Task :core:network:transformDebugClassesWithAsm
> Task :core:network:bundleLibCompileToJarDebug
> Task :core:network:bundleLibRuntimeToJarDebug
> Task :core:network:bundleLibRuntimeToDirDebug
> Task :core:data:kspDebugKotlin
> Task :core:data:compileDebugKotlin
> Task :core:data:compileDebugJavaWithJavac
> Task :core:data:processDebugJavaRes
> Task :core:data:transformDebugClassesWithAsm
> Task :core:data:bundleLibCompileToJarDebug
> Task :core:data:bundleLibRuntimeToJarDebug
> Task :core:data:bundleLibRuntimeToDirDebug
> Task :feature:home:kspDebugKotlin
> Task :feature:login:kspDebugKotlin
> Task :feature:home:compileDebugKotlin
> Task :feature:home:compileDebugJavaWithJavac
> Task :feature:home:processDebugJavaRes
> Task :feature:home:transformDebugClassesWithAsm
> Task :feature:home:bundleLibCompileToJarDebug
> Task :feature:home:bundleLibRuntimeToJarDebug
> Task :feature:home:bundleLibRuntimeToDirDebug

> Task :feature:login:compileDebugKotlin
w: file:///D:/gitihub/feature/login/src/main/java/ir/wordpressdashboard/feature/keys/ConSecKeysScreen.kt:247:49 'ArrowForward: ImageVector' is deprecated. Use the AutoMirrored version at Icons.AutoMirrored.Filled.ArrowForward
w: file:///D:/gitihub/feature/login/src/main/java/ir/wordpressdashboard/feature/login/LoginScreen.kt:105:5 Parameter 'onNavItemSelected' is never used
w: file:///D:/gitihub/feature/login/src/main/java/ir/wordpressdashboard/feature/login/LoginScreen.kt:106:5 Parameter 'selectIndex' is never used
w: file:///D:/gitihub/feature/login/src/main/java/ir/wordpressdashboard/feature/qrcode/QRCodeScanner.kt:55:26 'LocalLifecycleOwner: ProvidableCompositionLocal<LifecycleOwner>' is deprecated. Moved to lifecycle-runtime-compose library in androidx.lifecycle.compose package.
w: file:///D:/gitihub/feature/login/src/main/java/ir/wordpressdashboard/feature/qrcode/QRCodeScanner.kt:75:18 'setTargetResolution(Size): ImageAnalysis.Builder' is deprecated. Deprecated in Java

> Task :feature:login:compileDebugJavaWithJavac
> Task :feature:login:processDebugJavaRes
> Task :feature:login:transformDebugClassesWithAsm
> Task :feature:login:bundleLibCompileToJarDebug
> Task :feature:login:bundleLibRuntimeToJarDebug
> Task :feature:login:bundleLibRuntimeToDirDebug
> Task :app:mergeLibDexDebug

> Task :app:kspDebugKotlin FAILED
.\gradlew : e: java.nio.file.NoSuchFileException: D:\gitihub\app\build\generated\ksp\deb
ug\java\byRounds\1\ir\wordpressdashboard\navigation\AppNavViewModel_HiltModules.java
At line:1 char:16
+ ... D:\gitihub; .\gradlew clean :app:assembleDebug > build_output.txt 2>& ...
+                 ~~~~~~~~~~~~~~~~~~~~~~~~~~~~~~~~~~~~~~~~~~~~~~~~~~~~~~~~~
    + CategoryInfo          : NotSpecified: (e: java.nio.fil...iltModules.java:String)  
   [], RemoteException
    + FullyQualifiedErrorId : NativeCommandError
 
	at 
java.base/sun.nio.fs.WindowsException.translateToIOException(WindowsException.java:85)
	at 
java.base/sun.nio.fs.WindowsException.rethrowAsIOException(WindowsException.java:103)
	at 
java.base/sun.nio.fs.WindowsException.rethrowAsIOException(WindowsException.java:108)
	at java.base/sun.nio.fs.WindowsFileCopy.copy(WindowsFileCopy.java:99)
	at 
java.base/sun.nio.fs.WindowsFileSystemProvider.copy(WindowsFileSystemProvider.java:284)
	at java.base/java.nio.file.Files.copy(Files.java:1305)
	at com.google.devtools.ksp.common.IncrementalUtilKt.copyWithTimestamp(IncrementalUtil.k
t:73)
	at com.google.devtools.ksp.common.IncrementalContextBase.updateOutputs(IncrementalConte
xtBase.kt:350)
	at com.google.devtools.ksp.common.IncrementalContextBase.updateCachesAndOutputs(Increme
ntalContextBase.kt:482)
	at com.google.devtools.ksp.AbstractKotlinSymbolProcessingExtension.doAnalysis(KotlinSym
bolProcessingExtension.kt:362)
	at org.jetbrains.kotlin.cli.jvm.compiler.TopDownAnalyzerFacadeForJVM.analyzeFilesWithJa
vaIntegration(TopDownAnalyzerFacadeForJVM.kt:112)
	at org.jetbrains.kotlin.cli.jvm.compiler.TopDownAnalyzerFacadeForJVM.analyzeFilesWithJa
vaIntegration$default(TopDownAnalyzerFacadeForJVM.kt:77)
	at org.jetbrains.kotlin.cli.jvm.compiler.KotlinToJVMBytecodeCompiler$analyze$1.invoke(K
otlinToJVMBytecodeCompiler.kt:256)
	at org.jetbrains.kotlin.cli.jvm.compiler.KotlinToJVMBytecodeCompiler$analyze$1.invoke(K
otlinToJVMBytecodeCompiler.kt:247)
	at org.jetbrains.kotlin.cli.common.messages.AnalyzerWithCompilerReport.analyzeAndReport
(AnalyzerWithCompilerReport.kt:115)
	at org.jetbrains.kotlin.cli.jvm.compiler.KotlinToJVMBytecodeCompiler.analyze(KotlinToJV
MBytecodeCompiler.kt:247)
	at org.jetbrains.kotlin.cli.jvm.compiler.KotlinToJVMBytecodeCompiler.repeatAnalysisIfNe
eded(KotlinToJVMBytecodeCompiler.kt:181)
	at org.jetbrains.kotlin.cli.jvm.compiler.KotlinToJVMBytecodeCompiler.compileModules$cli
(KotlinToJVMBytecodeCompiler.kt:87)
	at org.jetbrains.kotlin.cli.jvm.compiler.KotlinToJVMBytecodeCompiler.compileModules$cli
$default(KotlinToJVMBytecodeCompiler.kt:43)
	at org.jetbrains.kotlin.cli.jvm.K2JVMCompiler.doExecute(K2JVMCompiler.kt:165)
	at org.jetbrains.kotlin.cli.jvm.K2JVMCompiler.doExecute(K2JVMCompiler.kt:50)
	at org.jetbrains.kotlin.cli.common.CLICompiler.execImpl(CLICompiler.kt:104)
	at org.jetbrains.kotlin.cli.common.CLICompiler.execImpl(CLICompiler.kt:48)
	at org.jetbrains.kotlin.cli.common.CLITool.exec(CLITool.kt:101)
	at org.jetbrains.kotlin.daemon.CompileServiceImpl.compile(CompileServiceImpl.kt:1523)
	at jdk.internal.reflect.GeneratedMethodAccessor93.invoke(Unknown Source)
	at java.base/jdk.internal.reflect.DelegatingMethodAccessorImpl.invoke(DelegatingMethodA
ccessorImpl.java:43)
	at java.base/java.lang.reflect.Method.invoke(Method.java:568)
	at java.rmi/sun.rmi.server.UnicastServerRef.dispatch(UnicastServerRef.java:360)
	at java.rmi/sun.rmi.transport.Transport$1.run(Transport.java:200)
	at java.rmi/sun.rmi.transport.Transport$1.run(Transport.java:197)
	at java.base/java.security.AccessController.doPrivileged(AccessController.java:712)
	at java.rmi/sun.rmi.transport.Transport.serviceCall(Transport.java:196)
	at java.rmi/sun.rmi.transport.tcp.TCPTransport.handleMessages(TCPTransport.java:587)
	at java.rmi/sun.rmi.transport.tcp.TCPTransport$ConnectionHandler.run0(TCPTransport.java
:828)
	at java.rmi/sun.rmi.transport.tcp.TCPTransport$ConnectionHandler.lambda$run$0(TCPTransp
ort.java:705)
	at java.base/java.security.AccessController.doPrivileged(AccessController.java:399)
	at 
java.rmi/sun.rmi.transport.tcp.TCPTransport$ConnectionHandler.run(TCPTransport.java:704)
	at java.base/java.util.concurrent.ThreadPoolExecutor.runWorker(ThreadPoolExecutor.java:
1136)
	at java.base/java.util.concurrent.ThreadPoolExecutor$Worker.run(ThreadPoolExecutor.java
:635)
	at java.base/java.lang.Thread.run(Thread.java:840)

w: Detected multiple Kotlin daemon sessions at kotlin\sessions

FAILURE: Build failed with an exception.

* What went wrong:
Execution failed for task ':app:kspDebugKotlin'.
> A failure occurred while executing org.jetbrains.kotlin.compilerRunner.GradleCompilerR
unnerWithWorkers$GradleKotlinCompilerWorkAction
   > Internal compiler error. See log for more details

* Try:
> Run with --stacktrace option to get the stack trace.
> Run with --info or --debug option to get more log output.
> Run with --scan to get full insights.
> Get more help at https://help.gradle.org.

BUILD FAILED in 44s
194 actionable tasks: 189 executed, 5 up-to-date
